Reading first matrix
Enter the number of rows and columns: 
Enter the elements of the matrix: 

Successfully read a matrix with dimensions 3 x 3
M1: 
1 2 3 
4 5 6 
7 8 9 
Reading second matrix
Enter the number of rows and columns: 
Enter the elements of the matrix: 

Successfully read a matrix with dimensions 4 x 4
M2: 
10 11 12 13 
14 15 16 17 
17 16 15 14 
13 12 11 10 
Sum of M1 and M2: 
Error adding matrices: Incompatible matrix dimensions
Trace of M1: 15
