,C fo tesrepus a eb ot deredisnoc netfo si ++C
.eurt yltcirts ton si siht tub
elipmoc ot edam eb ylisae nac edoc C tsoM
secnereffid wef a era ereht tub ,++C ni yltcerroc
evaheb ro dilavni eb ot edoc C dilav emos esuac taht
.++C ni yltnereffid
*diov morf noisrevnoc ticilpmi swolla C ,elpmaxe roF
ytefas epyt rof( ton seod ++C tub ,sepyt retniop rehto ot
.)snosaer
,ssalc dna wen sa hcus ,sdrowyek wen ynam senifed ++C ,oslA
)seman elbairav ,elpmaxe rof( sreifitnedi sa desu eb yam hcihw
.margorp C a ni
