Enter initial hour: 
Enter initial minute: 
c.get_hour24() returns 22
c.get_hour12() returns 10
c.get_minute() returns 30
c.get_time_string(true) returns 22:30
c.get_time_string(false) returns 10:30pm
Enter hours to advance: 
Enter minutes to advance: 
Advancing c by 1 hours and 65 minutes.
Runtime error: Invalid input to advance_time
