Object of type [point]. Location (0,0) with area: nan

Object of type [point]. Location (3,4) with area: nan

Object of type [square]. Location (1,1) with area: 1 and length of side: 1

Object of type [square]. Location (1,1) with area: 1 and length of side: 1

Object of type [square]. Location (4,5) with area: 1 and length of side: 1

Object of type [square]. Location (0,0) with area: 4 and length of side: 2

Distance between s1 and s2 is 0
Distance between s1 and s3 is 5
Distance between s1 and p1 is 3.60555
